12/03/2019 
21:21
$PROBLEM    ORAL1_1CPT_KAVCL FOCEI runN024
$INPUT      ID DOSE VI CLI KAI TIME EVIDNLMX AMT DV EVID
$DATA      ..\..\m1\bs_pr1_260.dta IGNORE=@
$SUBROUTINE ADVAN6 TOL=6
$MODEL      COMP=(ABS,DEFDOSE) COMP=(CENTRAL,DEFOBS)
$PK 
    CL=EXP(THETA(1)+ETA(1))
    V=EXP(THETA(2)+ETA(2))
    KA=EXP(THETA(3)+ETA(3))
    S2=V
$DES  
    DADT(1)= -KA*A(1)
    DADT(2)=  KA*A(1)-CL*(A(2)/V)
$ERROR    
    IPRED = F     
    RESCV = THETA(4) 
    W     = IPRED*RESCV
    IRES  = DV-IPRED
    IWRES = IRES/W
    Y     = IPRED+W*EPS(1)
$THETA  1 ; CL
$THETA  4 ; V
$THETA  0.1 ; Ka
$THETA  (0,0.2,1) ; RSV
$OMEGA  0.2
 0.2
 0.2
$SIGMA  1  FIX
$ESTIMATION NSIG=2 SIGL=6 PRINT=5 MAX=9999 NOABORT POSTHOC METHOD=COND
            INTER NOOBT
$COVARIANCE

  
NM-TRAN MESSAGES 
  
 WARNINGS AND ERRORS (IF ANY) FOR PROBLEM    1
             
 (WARNING  2) NM-TRAN INFERS THAT THE DATA ARE POPULATION.
  
License Registered to: Occams Cooperatie U.A
Expiration Date:    14 JUN 2019
Current Date:       12 MAR 2019
Days until program expires :  92
1NONLINEAR MIXED EFFECTS MODEL PROGRAM (NONMEM) VERSION 7.4.3
 ORIGINALLY DEVELOPED BY STUART BEAL, LEWIS SHEINER, AND ALISON BOECKMANN
 CURRENT DEVELOPERS ARE ROBERT BAUER, ICON DEVELOPMENT SOLUTIONS,
 AND ALISON BOECKMANN. IMPLEMENTATION, EFFICIENCY, AND STANDARDIZATION
 PERFORMED BY NOUS INFOSYSTEMS.

 PROBLEM NO.:         1
 ORAL1_1CPT_KAVCL FOCEI runN024
0DATA CHECKOUT RUN:              NO
 DATA SET LOCATED ON UNIT NO.:    2
 THIS UNIT TO BE REWOUND:        NO
 NO. OF DATA RECS IN DATA SET:      600
 NO. OF DATA ITEMS IN DATA SET:  11
 ID DATA ITEM IS DATA ITEM NO.:   1
 DEP VARIABLE IS DATA ITEM NO.:   9
 MDV DATA ITEM IS DATA ITEM NO.: 11
0INDICES PASSED TO SUBROUTINE PRED:
  10   6   8   0   0   0   0   0   0   0   0
0LABELS FOR DATA ITEMS:
 ID DOSE VI CLI KAI TIME EVIDNLMX AMT DV EVID MDV
0FORMAT FOR DATA:
 (2E3.0,2E16.0,E17.0,E5.0,E3.0,E6.0,E4.0,E1.0,1F2.0)

 TOT. NO. OF OBS RECS:      480
 TOT. NO. OF INDIVIDUALS:      120
0LENGTH OF THETA:   4
0DEFAULT THETA BOUNDARY TEST OMITTED:    NO
0OMEGA HAS SIMPLE DIAGONAL FORM WITH DIMENSION:   3
0DEFAULT OMEGA BOUNDARY TEST OMITTED:   YES
0SIGMA HAS SIMPLE DIAGONAL FORM WITH DIMENSION:   1
0DEFAULT SIGMA BOUNDARY TEST OMITTED:    NO
0INITIAL ESTIMATE OF THETA:
 LOWER BOUND    INITIAL EST    UPPER BOUND
 -0.1000E+07     0.1000E+01     0.1000E+07
 -0.1000E+07     0.4000E+01     0.1000E+07
 -0.1000E+07     0.1000E+00     0.1000E+07
  0.0000E+00     0.2000E+00     0.1000E+01
0INITIAL ESTIMATE OF OMEGA:
 0.2000E+00
 0.0000E+00   0.2000E+00
 0.0000E+00   0.0000E+00   0.2000E+00
0INITIAL ESTIMATE OF SIGMA:
 0.1000E+01
0SIGMA CONSTRAINED TO BE THIS INITIAL ESTIMATE
0COVARIANCE STEP OMITTED:        NO
 EIGENVLS. PRINTED:              NO
 SPECIAL COMPUTATION:            NO
 COMPRESSED FORMAT:              NO
 GRADIENT METHOD USED:     NOSLOW
 SIGDIGITS ETAHAT (SIGLO):                  -1
 SIGDIGITS GRADIENTS (SIGL):                -1
 EXCLUDE COV FOR FOCE (NOFCOV):              NO
 TURN OFF Cholesky Transposition of R Matrix (CHOLROFF): NO
 KNUTHSUMOFF:                                -1
 RESUME COV ANALYSIS (RESUME):               NO
 SIR SAMPLE SIZE (SIRSAMPLE):              -1
 NON-LINEARLY TRANSFORM THETAS DURING COV (THBND): 1
 PRECONDTIONING CYCLES (PRECOND):        0
 PRECONDTIONING TYPES (PRECONDS):        TOS
 FORCED PRECONDTIONING CYCLES (PFCOND):0
 PRECONDTIONING TYPE (PRETYPE):        0
 FORCED POS. DEFINITE SETTING: (FPOSDEF):0
1DOUBLE PRECISION PREDPP VERSION 7.4.3

 GENERAL NONLINEAR KINETICS MODEL (DVERK1, ADVAN6)
0MODEL SUBROUTINE USER-SUPPLIED - ID NO. 9999
0MAXIMUM NO. OF BASIC PK PARAMETERS:   3
0COMPARTMENT ATTRIBUTES
 COMPT. NO.   FUNCTION   INITIAL    ON/OFF      DOSE      DEFAULT    DEFAULT
                         STATUS     ALLOWED    ALLOWED    FOR DOSE   FOR OBS.
    1         ABS          ON         YES        YES        YES        NO
    2         CENTRAL      ON         YES        YES        NO         YES
    3         OUTPUT       OFF        YES        NO         NO         NO
 INITIAL (BASE) TOLERANCE SETTINGS:
 NRD (RELATIVE) VALUE OF TOLERANCE:   6
 ANRD (ABSOLUTE) VALUE OF TOLERANCE:  12
1
 ADDITIONAL PK PARAMETERS - ASSIGNMENT OF ROWS IN GG
 COMPT. NO.                             INDICES
              SCALE      BIOAVAIL.   ZERO-ORDER  ZERO-ORDER  ABSORB
                         FRACTION    RATE        DURATION    LAG
    1            *           *           *           *           *
    2            4           *           *           *           *
    3            *           -           -           -           -
             - PARAMETER IS NOT ALLOWED FOR THIS MODEL
             * PARAMETER IS NOT SUPPLIED BY PK SUBROUTINE;
               WILL DEFAULT TO ONE IF APPLICABLE
0DATA ITEM INDICES USED BY PRED ARE:
   EVENT ID DATA ITEM IS DATA ITEM NO.:     10
   TIME DATA ITEM IS DATA ITEM NO.:          6
   DOSE AMOUNT DATA ITEM IS DATA ITEM NO.:   8

0PK SUBROUTINE CALLED WITH EVERY EVENT RECORD.
 PK SUBROUTINE NOT CALLED AT NONEVENT (ADDITIONAL OR LAGGED) DOSE TIMES.
0ERROR SUBROUTINE CALLED WITH EVERY EVENT RECORD.
0DES SUBROUTINE USES COMPACT STORAGE MODE.
1
 
 
 #TBLN:      1
 #METH: First Order Conditional Estimation with Interaction
 
 ESTIMATION STEP OMITTED:                 NO
 ANALYSIS TYPE:                           POPULATION
 NUMBER OF SADDLE POINT RESET ITERATIONS:      0
 GRADIENT METHOD USED:               NOSLOW
 CONDITIONAL ESTIMATES USED:              YES
 CENTERED ETA:                            NO
 EPS-ETA INTERACTION:                     YES
 LAPLACIAN OBJ. FUNC.:                    NO
 NO. OF FUNCT. EVALS. ALLOWED:            9999
 NO. OF SIG. FIGURES REQUIRED:            2
 INTERMEDIATE PRINTOUT:                   YES
 ESTIMATE OUTPUT TO MSF:                  NO
 ABORT WITH PRED EXIT CODE 1:             NO
 IND. OBJ. FUNC. VALUES SORTED:           NO
 NUMERICAL DERIVATIVE
       FILE REQUEST (NUMDER):               NONE
 MAP (ETAHAT) ESTIMATION METHOD (OPTMAP):   0
 ETA HESSIAN EVALUATION METHOD (ETADER):    0
 INITIAL ETA FOR MAP ESTIMATION (MCETA):    0
 SIGDIGITS FOR MAP ESTIMATION (SIGLO):      6
 GRADIENT SIGDIGITS OF
       FIXED EFFECTS PARAMETERS (SIGL):     6
 NOPRIOR SETTING (NOPRIOR):                 OFF
 NOCOV SETTING (NOCOV):                     OFF
 DERCONT SETTING (DERCONT):                 OFF
 FINAL ETA RE-EVALUATION (FNLETA):          ON
 EXCLUDE NON-INFLUENTIAL (NON-INFL.) ETAS
       IN SHRINKAGE (ETASTYPE):             NO
 NON-INFL. ETA CORRECTION (NONINFETA):      OFF
 RAW OUTPUT FILE (FILE): psn.ext
 EXCLUDE TITLE (NOTITLE):                   NO
 EXCLUDE COLUMN LABELS (NOLABEL):           NO
 FORMAT FOR ADDITIONAL FILES (FORMAT):      S1PE12.5
 PARAMETER ORDER FOR OUTPUTS (ORDER):       TSOL
 WISHART PRIOR DF INTERPRETATION (WISHTYPE):0
 KNUTHSUMOFF:                               0
 INCLUDE LNTWOPI:                           NO
 INCLUDE CONSTANT TERM TO PRIOR (PRIORC):   NO
 INCLUDE CONSTANT TERM TO OMEGA (ETA) (OLNTWOPI):NO
 ADDITIONAL CONVERGENCE TEST (CTYPE=4)?:    NO
 EM OR BAYESIAN METHOD USED:                 NONE

 TOLERANCES FOR ESTIMATION/EVALUATION STEP:
 NRD (RELATIVE) VALUE OF TOLERANCE:   6
 ANRD (ABSOLUTE) VALUE OF TOLERANCE:  12
 TOLERANCES FOR COVARIANCE STEP:
 NRD (RELATIVE) VALUE OF TOLERANCE:   6
 ANRD (ABSOLUTE) VALUE OF TOLERANCE:  12
 
 THE FOLLOWING LABELS ARE EQUIVALENT
 PRED=PREDI
 RES=RESI
 WRES=WRESI
 IWRS=IWRESI
 IPRD=IPREDI
 IRS=IRESI
 
 MONITORING OF SEARCH:

 
0ITERATION NO.:    0    OBJECTIVE VALUE:   4836.76582275478        NO. OF FUNC. EVALS.:   6
 CUMULATIVE NO. OF FUNC. EVALS.:        6
 NPARAMETR:  1.0000E+00  4.0000E+00  1.0000E-01  2.0000E-01  2.0000E-01  2.0000E-01  2.0000E-01
 PARAMETER:  1.0000E-01  1.0000E-01  1.0000E-01  1.0000E-01  1.0000E-01  1.0000E-01  1.0000E-01
 GRADIENT:  -3.8034E+03 -1.0565E+04 -8.6475E+00  5.8455E+01 -2.1739E+01  2.2570E+01  1.9201E+01
 
0ITERATION NO.:    5    OBJECTIVE VALUE:   4682.98095516793        NO. OF FUNC. EVALS.:  40
 CUMULATIVE NO. OF FUNC. EVALS.:       46
 NPARAMETR:  1.4864E+00  4.2368E+00  8.8311E-02  1.9524E-01  1.1862E-01  1.0083E-01  1.7680E-01
 PARAMETER:  1.4864E-01  1.0592E-01  8.8311E-02  6.9984E-02 -1.6120E-01 -2.4242E-01  3.8354E-02
 GRADIENT:   1.5990E+03  2.6562E+02  1.7922E+01 -6.3973E+00  5.7702E+01  3.0840E+01  1.4862E+01
 
0ITERATION NO.:   10    OBJECTIVE VALUE:   4661.06501713295        NO. OF FUNC. EVALS.:  37
 CUMULATIVE NO. OF FUNC. EVALS.:       83
 NPARAMETR:  1.4040E+00  4.2177E+00  1.4071E-02  1.9987E-01  6.8593E-02  7.6914E-02  3.9417E-02
 PARAMETER:  1.4040E-01  1.0544E-01  1.4071E-02  9.9159E-02 -4.3506E-01 -3.7782E-01 -7.1207E-01
 GRADIENT:  -5.0240E+01 -3.5843E+01 -3.2820E-01 -1.2308E+00 -1.0850E+00 -2.7972E-02  3.4526E-02
 
0ITERATION NO.:   15    OBJECTIVE VALUE:   4660.90603699840        NO. OF FUNC. EVALS.:  59
 CUMULATIVE NO. OF FUNC. EVALS.:      142
 NPARAMETR:  1.4084E+00  4.2263E+00  1.9090E-02  2.0049E-01  6.9244E-02  7.6854E-02  3.9074E-02
 PARAMETER:  1.4084E-01  1.0566E-01  1.9090E-02  1.0308E-01 -4.3034E-01 -3.7821E-01 -7.1643E-01
 GRADIENT:   2.5368E+00  2.7711E+00  2.8748E-02 -1.7468E-01 -5.8594E-02 -5.6331E-02 -4.3167E-02
 
 #TERM:
0MINIMIZATION SUCCESSFUL
 NO. OF FUNCTION EVALUATIONS USED:      142
 NO. OF SIG. DIGITS IN FINAL EST.:  2.5

 ETABAR IS THE ARITHMETIC MEAN OF THE ETA-ESTIMATES,
 AND THE P-VALUE IS GIVEN FOR THE NULL HYPOTHESIS THAT THE TRUE MEAN IS 0.
 
 ETABAR:         1.1590E-02 -2.0132E-02 -3.8350E-03
 SE:             2.0620E-02  1.9999E-02  4.7536E-03
 N:                     120         120         120
 
 P VAL.:         5.7405E-01  3.1410E-01  4.1980E-01
 
 ETASHRINKSD(%)  1.3802E+01  2.0643E+01  7.3547E+01
 ETASHRINKVR(%)  2.5699E+01  3.7024E+01  9.3002E+01
 EBVSHRINKSD(%)  1.4102E+01  2.0698E+01  7.3553E+01
 EBVSHRINKVR(%)  2.6215E+01  3.7111E+01  9.3006E+01
 EPSSHRINKSD(%)  1.8154E+01
 EPSSHRINKVR(%)  3.3012E+01
 
  
 TOTAL DATA POINTS NORMALLY DISTRIBUTED (N):          480
 N*LOG(2PI) CONSTANT TO OBJECTIVE FUNCTION:    882.180991876486     
 OBJECTIVE FUNCTION VALUE WITHOUT CONSTANT:    4660.90603699840     
 OBJECTIVE FUNCTION VALUE WITH CONSTANT:       5543.08702887489     
 REPORTED OBJECTIVE FUNCTION DOES NOT CONTAIN CONSTANT
  
 TOTAL EFFECTIVE ETAS (NIND*NETA):                           360
  
 #TERE:
 Elapsed estimation  time in seconds:    36.83
 Elapsed covariance  time in seconds:    10.32
 Elapsed postprocess time in seconds:     0.00
1
 
 
 
 
 
 
 
 
 
 
 
 
 
 
 
 
 
 
 
 
 ************************************************************************************************************************
 ********************                                                                                ********************
 ********************               FIRST ORDER CONDITIONAL ESTIMATION WITH INTERACTION              ********************
 #OBJT:**************                       MINIMUM VALUE OF OBJECTIVE FUNCTION                      ********************
 ********************                                                                                ********************
 ************************************************************************************************************************
 





 #OBJV:********************************************     4660.906       **************************************************
1
 ************************************************************************************************************************
 ********************                                                                                ********************
 ********************               FIRST ORDER CONDITIONAL ESTIMATION WITH INTERACTION              ********************
 ********************                             FINAL PARAMETER ESTIMATE                           ********************
 ********************                                                                                ********************
 ************************************************************************************************************************
 


 THETA - VECTOR OF FIXED EFFECTS PARAMETERS   *********


         TH 1      TH 2      TH 3      TH 4     
 
         1.41E+00  4.23E+00  1.91E-02  2.00E-01
 


 OMEGA - COV MATRIX FOR RANDOM EFFECTS - ETAS  ********


         ETA1      ETA2      ETA3     
 
 ETA1
+        6.92E-02
 
 ETA2
+        0.00E+00  7.69E-02
 
 ETA3
+        0.00E+00  0.00E+00  3.91E-02
 


 SIGMA - COV MATRIX FOR RANDOM EFFECTS - EPSILONS  ****


         EPS1     
 
 EPS1
+        1.00E+00
 
1


 OMEGA - CORR MATRIX FOR RANDOM EFFECTS - ETAS  *******


         ETA1      ETA2      ETA3     
 
 ETA1
+        2.63E-01
 
 ETA2
+        0.00E+00  2.77E-01
 
 ETA3
+        0.00E+00  0.00E+00  1.98E-01
 


 SIGMA - CORR MATRIX FOR RANDOM EFFECTS - EPSILONS  ***


         EPS1     
 
 EPS1
+        1.00E+00
 
1
 ************************************************************************************************************************
 ********************                                                                                ********************
 ********************               FIRST ORDER CONDITIONAL ESTIMATION WITH INTERACTION              ********************
 ********************                            STANDARD ERROR OF ESTIMATE                          ********************
 ********************                                                                                ********************
 ************************************************************************************************************************
 


 THETA - VECTOR OF FIXED EFFECTS PARAMETERS   *********


         TH 1      TH 2      TH 3      TH 4     
 
         2.98E-02  3.33E-02  7.84E-02  8.50E-03
 


 OMEGA - COV MATRIX FOR RANDOM EFFECTS - ETAS  ********


         ETA1      ETA2      ETA3     
 
 ETA1
+        1.28E-02
 
 ETA2
+       .........  1.59E-02
 
 ETA3
+       ......... .........  4.29E-02
 


 SIGMA - COV MATRIX FOR RANDOM EFFECTS - EPSILONS  ****


         EPS1     
 
 EPS1
+       .........
 
1


 OMEGA - CORR MATRIX FOR RANDOM EFFECTS - ETAS  *******


         ETA1      ETA2      ETA3     
 
 ETA1
+        2.43E-02
 
 ETA2
+       .........  2.87E-02
 
 ETA3
+       ......... .........  1.08E-01
 


 SIGMA - CORR MATRIX FOR RANDOM EFFECTS - EPSILONS  ***


         EPS1     
 
 EPS1
+       .........
 
1
 ************************************************************************************************************************
 ********************                                                                                ********************
 ********************               FIRST ORDER CONDITIONAL ESTIMATION WITH INTERACTION              ********************
 ********************                          COVARIANCE MATRIX OF ESTIMATE                         ********************
 ********************                                                                                ********************
 ************************************************************************************************************************
 

            TH 1      TH 2      TH 3      TH 4      OM11      OM12      OM13      OM22      OM23      OM33      SG11  
 
 TH 1
+        8.86E-04
 
 TH 2
+        1.11E-04  1.11E-03
 
 TH 3
+       -6.30E-04  8.48E-04  6.15E-03
 
 TH 4
+        2.20E-05 -1.04E-05  6.22E-05  7.23E-05
 
 OM11
+       -9.11E-05  1.58E-05 -7.38E-05 -2.04E-05  1.63E-04
 
 OM12
+       ......... ......... ......... ......... ......... .........
 
 OM13
+       ......... ......... ......... ......... ......... ......... .........
 
 OM22
+       -1.16E-04  7.35E-05 -8.00E-05 -1.92E-05  2.00E-05 ......... .........  2.54E-04
 
 OM23
+       ......... ......... ......... ......... ......... ......... ......... ......... .........
 
 OM33
+        1.56E-05  2.96E-04  1.55E-03 -7.40E-05 -2.08E-05 ......... ......... -1.78E-04 .........  1.84E-03
 
 SG11
+       ......... ......... ......... ......... ......... ......... ......... ......... ......... ......... .........
 
1
 ************************************************************************************************************************
 ********************                                                                                ********************
 ********************               FIRST ORDER CONDITIONAL ESTIMATION WITH INTERACTION              ********************
 ********************                          CORRELATION MATRIX OF ESTIMATE                        ********************
 ********************                                                                                ********************
 ************************************************************************************************************************
 

            TH 1      TH 2      TH 3      TH 4      OM11      OM12      OM13      OM22      OM23      OM33      SG11  
 
 TH 1
+        2.98E-02
 
 TH 2
+        1.11E-01  3.33E-02
 
 TH 3
+       -2.70E-01  3.24E-01  7.84E-02
 
 TH 4
+        8.67E-02 -3.65E-02  9.33E-02  8.50E-03
 
 OM11
+       -2.40E-01  3.71E-02 -7.37E-02 -1.88E-01  1.28E-02
 
 OM12
+       ......... ......... ......... ......... ......... .........
 
 OM13
+       ......... ......... ......... ......... ......... ......... .........
 
 OM22
+       -2.45E-01  1.38E-01 -6.40E-02 -1.41E-01  9.83E-02 ......... .........  1.59E-02
 
 OM23
+       ......... ......... ......... ......... ......... ......... ......... ......... .........
 
 OM33
+        1.22E-02  2.07E-01  4.62E-01 -2.03E-01 -3.80E-02 ......... ......... -2.60E-01 .........  4.29E-02
 
 SG11
+       ......... ......... ......... ......... ......... ......... ......... ......... ......... ......... .........
 
1
 ************************************************************************************************************************
 ********************                                                                                ********************
 ********************               FIRST ORDER CONDITIONAL ESTIMATION WITH INTERACTION              ********************
 ********************                      INVERSE COVARIANCE MATRIX OF ESTIMATE                     ********************
 ********************                                                                                ********************
 ************************************************************************************************************************
 

            TH 1      TH 2      TH 3      TH 4      OM11      OM12      OM13      OM22      OM23      OM33      SG11  
 
 TH 1
+        1.57E+03
 
 TH 2
+       -3.96E+02  1.15E+03
 
 TH 3
+        2.68E+02 -1.94E+02  2.81E+02
 
 TH 4
+       -4.37E+02  1.22E+02 -5.05E+02  1.65E+04
 
 OM11
+        8.76E+02 -3.42E+02  1.97E+02  1.55E+03  6.92E+03
 
 OM12
+       ......... ......... ......... ......... ......... .........
 
 OM13
+       ......... ......... ......... ......... ......... ......... .........
 
 OM22
+        7.34E+02 -5.91E+02  5.89E+01  1.61E+03  1.58E+02 ......... .........  4.98E+03
 
 OM23
+       ......... ......... ......... ......... ......... ......... ......... ......... .........
 
 OM33
+       -1.13E+02 -7.46E+01 -2.21E+02  1.25E+03  3.72E+01 ......... .........  5.87E+02 .........  8.50E+02
 
 SG11
+       ......... ......... ......... ......... ......... ......... ......... ......... ......... ......... .........
 
 Elapsed finaloutput time in seconds:     0.02
1THERE ARE ERROR MESSAGES IN FILE PRDERR                                                                  
 #CPUT: Total CPU Time in Seconds,       47.328
Stop Time: 
12/03/2019 
21:22
